user1@user MINGW64 ~
$ git config --global user.name "Tuan"

user1@user MINGW64 ~
$ git config user.name
Tuan

user1@user MINGW64 ~
$ git config --global user.email "tuantla80@gmail.com"

user1@user MINGW64 ~
$ git config user.email
tuantla80@gmail.com

user1@user MINGW64 ~
$ pwd
/c/Users/user1

user1@user MINGW64 ~
$ mkdir Test

user1@user MINGW64 ~
$ cd Test

user1@user MINGW64 ~/Test
$ touch index.html

user1@user MINGW64 ~/Test
$ ls
index.html

user1@user MINGW64 ~/Test
$ notepad index.html

user1@user MINGW64 ~/Test
$ notepad++ index.html
bash: notepad++: command not found

user1@user MINGW64 ~/Test
$ Notepad++ index.html
bash: Notepad++: command not found

user1@user MINGW64 ~/Test
$ notepad index.html

user1@user MINGW64 ~/Test
$ notepad index.html

user1@user MINGW64 ~/Test
$ rm index.html

user1@user MINGW64 ~/Test
$ ls

user1@user MINGW64 ~/Test
$ cd ..

user1@user MINGW64 ~
$ pwd
/c/Users/user1

user1@user MINGW64 ~
$ rmdir Test

user1@user MINGW64 ~
$ cd Test
bash: cd: Test: No such file or directory

user1@user MINGW64 ~
$ mkdir repos

user1@user MINGW64 ~
$ cd repos

user1@user MINGW64 ~/repos
$ pwd
/c/Users/user1/repos

user1@user MINGW64 ~/repos
$ mkdir MyGitRepo

user1@user MINGW64 ~/repos
$ cd MyGitRepo/

user1@user MINGW64 ~/repos/MyGitRepo
$ pwd
/c/Users/user1/repos/MyGitRepo

user1@user MINGW64 ~/repos/MyGitRepo
$ git init
Initialized empty Git repository in C:/Users/user1/repos/MyGitRepo/.git/

user1@user MINGW64 ~/repos/MyGitRepo (master)
$ ls

user1@user MINGW64 ~/repos/MyGitRepo (master)
$ ls -a
./  ../  .git/

user1@user MINGW64 ~/repos/MyGitRepo (master)
$ touch index.html

user1@user MINGW64 ~/repos/MyGitRepo (master)
$ touch styles.css

user1@user MINGW64 ~/repos/MyGitRepo (master)
$ ls
index.html  styles.css

user1@user MINGW64 ~/repos/MyGitRepo (master)
$ git status
On branch master

No commits yet

Untracked files:
  (use "git add <file>..." to include in what will be committed)
        index.html
        styles.css

nothing added to commit but untracked files present (use "git add" to track)

user1@user MINGW64 ~/repos/MyGitRepo (master)
$ git add index.html

user1@user MINGW64 ~/repos/MyGitRepo (master)
$ git status
On branch master

No commits yet

Changes to be committed:
  (use "git rm --cached <file>..." to unstage)
        new file:   index.html

Untracked files:
  (use "git add <file>..." to include in what will be committed)
        styles.css


user1@user MINGW64 ~/repos/MyGitRepo (master)
$ git rm --cached index.html
rm 'index.html'

user1@user MINGW64 ~/repos/MyGitRepo (master)
$ git status
On branch master

No commits yet

Untracked files:
  (use "git add <file>..." to include in what will be committed)
        index.html
        styles.css

nothing added to commit but untracked files present (use "git add" to track)

user1@user MINGW64 ~/repos/MyGitRepo (master)
$ git add .

user1@user MINGW64 ~/repos/MyGitRepo (master)
$ git status
On branch master

No commits yet

Changes to be committed:
  (use "git rm --cached <file>..." to unstage)
        new file:   index.html
        new file:   styles.css


user1@user MINGW64 ~/repos/MyGitRepo (master)
$ git commit -m "Add skeleton files for webpage."
[master (root-commit) 1eb61de] Add skeleton files for webpage.
 2 files changed, 0 insertions(+), 0 deletions(-)
 create mode 100644 index.html
 create mode 100644 styles.css

user1@user MINGW64 ~/repos/MyGitRepo (master)
$ git log
commit 1eb61dea320ee265a6c5c740414a39ff057b9fba (HEAD -> master)
Author: Tuan <tuantla80@gmail.com>
Date:   Sun Dec 20 16:45:56 2020 +1100

    Add skeleton files for webpage.

user1@user MINGW64 ~/repos/MyGitRepo (master)
$ git branch
* master

user1@user MINGW64 ~/repos/MyGitRepo (master)
$ git branch user-authentication

user1@user MINGW64 ~/repos/MyGitRepo (master)
$ git branch
* master
  user-authentication

user1@user MINGW64 ~/repos/MyGitRepo (master)
$  git che
checkout      cherry        cherry-pick

user1@user MINGW64 ~/repos/MyGitRepo (master)
$  git checkout user-authentication
Switched to branch 'user-authentication'

user1@user MINGW64 ~/repos/MyGitRepo (user-authentication)
$ git branch
  master
* user-authentication

user1@user MINGW64 ~/repos/MyGitRepo (user-authentication)
$ touch auth.js

user1@user MINGW64 ~/repos/MyGitRepo (user-authentication)
$ ls
auth.js  index.html  styles.css

user1@user MINGW64 ~/repos/MyGitRepo (user-authentication)
$ notepad index.html


user1@user MINGW64 ~/repos/MyGitRepo (user-authentication)
$

user1@user MINGW64 ~/repos/MyGitRepo (user-authentication)
$ git status
On branch user-authentication
Changes not staged for commit:
  (use "git add <file>..." to update what will be committed)
  (use "git restore <file>..." to discard changes in working directory)
        modified:   index.html

Untracked files:
  (use "git add <file>..." to include in what will be committed)
        auth.js

no changes added to commit (use "git add" and/or "git commit -a")

user1@user MINGW64 ~/repos/MyGitRepo (user-authentication)
$ git diff index.html
diff --git a/index.html b/index.html
index e69de29..75446e8 100644
--- a/index.html
+++ b/index.html
@@ -0,0 +1 @@
@@ -0,0 +1 @@
+<!-- This is a comment -->
\ No newline at end of file

user1@user MINGW64 ~/repos/MyGitRepo (user-authentication)
$ touch MyApp.log

user1@user MINGW64 ~/repos/MyGitRepo (user-authentication)
$ git status
On branch user-authentication
Changes not staged for commit:
  (use "git add <file>..." to update what will be committed)
  (use "git restore <file>..." to discard changes in working directory)
        modified:   index.html

Untracked files:
  (use "git add <file>..." to include in what will be committed)
        MyApp.log
        auth.js

no changes added to commit (use "git add" and/or "git commit -a")

user1@user MINGW64 ~/repos/MyGitRepo (user-authentication)
$ touch Device.log

user1@user MINGW64 ~/repos/MyGitRepo (user-authentication)
$ git status
On branch user-authentication
Changes not staged for commit:
  (use "git add <file>..." to update what will be committed)
  (use "git restore <file>..." to discard changes in working directory)
        modified:   index.html

Untracked files:
  (use "git add <file>..." to include in what will be committed)
        Device.log
        MyApp.log
        auth.js

no changes added to commit (use "git add" and/or "git commit -a")

user1@user MINGW64 ~/repos/MyGitRepo (user-authentication)
$ touch .gitignore

user1@user MINGW64 ~/repos/MyGitRepo (user-authentication)
$ git status
On branch user-authentication
Changes not staged for commit:
  (use "git add <file>..." to update what will be committed)
  (use "git restore <file>..." to discard changes in working directory)
        modified:   index.html

Untracked files:
  (use "git add <file>..." to include in what will be committed)
        .gitignore
        Device.log
        MyApp.log
        auth.js

no changes added to commit (use "git add" and/or "git commit -a")

user1@user MINGW64 ~/repos/MyGitRepo (user-authentication)
$ notepad .gitignore

user1@user MINGW64 ~/repos/MyGitRepo (user-authentication)
$ git status
On branch user-authentication
Changes not staged for commit:
  (use "git add <file>..." to update what will be committed)
  (use "git restore <file>..." to discard changes in working directory)
        modified:   index.html

Untracked files:
  (use "git add <file>..." to include in what will be committed)
        .gitignore
        auth.js

no changes added to commit (use "git add" and/or "git commit -a")

user1@user MINGW64 ~/repos/MyGitRepo (user-authentication)
$ git add .gitignore

user1@user MINGW64 ~/repos/MyGitRepo (user-authentication)
$ git status
On branch user-authentication
Changes to be committed:
  (use "git restore --staged <file>..." to unstage)
        new file:   .gitignore

Changes not staged for commit:
  (use "git add <file>..." to update what will be committed)
  (use "git restore <file>..." to discard changes in working directory)
        modified:   index.html

Untracked files:
  (use "git add <file>..." to include in what will be committed)
        auth.js


user1@user MINGW64 ~/repos/MyGitRepo (user-authentication)
$ git commit -m "Add .gitignore"
[user-authentication cfb4945] Add .gitignore
 1 file changed, 2 insertions(+)
 create mode 100644 .gitignore

user1@user MINGW64 ~/repos/MyGitRepo (user-authentication)
$ git status
On branch user-authentication
Changes not staged for commit:
  (use "git add <file>..." to update what will be committed)
  (use "git restore <file>..." to discard changes in working directory)
        modified:   index.html

Untracked files:
  (use "git add <file>..." to include in what will be committed)
        auth.js

no changes added to commit (use "git add" and/or "git commit -a")

user1@user MINGW64 ~/repos/MyGitRepo (user-authentication)
$ git add .

user1@user MINGW64 ~/repos/MyGitRepo (user-authentication)
$ git status
On branch user-authentication
Changes to be committed:
  (use "git restore --staged <file>..." to unstage)
        new file:   auth.js
        modified:   index.html


user1@user MINGW64 ~/repos/MyGitRepo (user-authentication)
$ git commit -m "Complete user authentication"
[user-authentication fa23ea3] Complete user authentication
 2 files changed, 1 insertion(+)
 create mode 100644 auth.js

user1@user MINGW64 ~/repos/MyGitRepo (user-authentication)
$ git status
On branch user-authentication
nothing to commit, working tree clean

user1@user MINGW64 ~/repos/MyGitRepo (user-authentication)
$ git checkout master
Switched to branch 'master'

user1@user MINGW64 ~/repos/MyGitRepo (master)
$ git status
On branch master
Untracked files:
  (use "git add <file>..." to include in what will be committed)
        Device.log
        MyApp.log

nothing added to commit but untracked files present (use "git add" to track)

user1@user MINGW64 ~/repos/MyGitRepo (master)
$ git merge user-authentication
Updating 1eb61de..fa23ea3
Fast-forward
 .gitignore | 2 ++
 auth.js    | 0
 index.html | 1 +
 3 files changed, 3 insertions(+)
 create mode 100644 .gitignore
 create mode 100644 auth.js

user1@user MINGW64 ~/repos/MyGitRepo (master)
$ git status
On branch master
nothing to commit, working tree clean

user1@user MINGW64 ~/repos/MyGitRepo (master)
$ git log
commit fa23ea3ecef9710d67683c57575465daf31a75be (HEAD -> master, user-authentication)
Author: Tuan <tuantla80@gmail.com>
Date:   Sun Dec 20 17:42:26 2020 +1100

    Complete user authentication

commit cfb49454ff6bb6657b36ab9fcac6ca12921a8dfa
Author: Tuan <tuantla80@gmail.com>
Date:   Sun Dec 20 17:39:44 2020 +1100

    Add .gitignore

commit 1eb61dea320ee265a6c5c740414a39ff057b9fba
Author: Tuan <tuantla80@gmail.com>
Date:   Sun Dec 20 16:45:56 2020 +1100

    Add skeleton files for webpage.

user1@user MINGW64 ~/repos/MyGitRepo (master)
$ git tag -a v1.0.0 -m "Version 1.0.0 release"

user1@user MINGW64 ~/repos/MyGitRepo (master)
$ get tag
bash: get: command not found

user1@user MINGW64 ~/repos/MyGitRepo (master)
$ git tag
v1.0.0
